PREHOOK: query: DESCRIBE FUNCTION date2datekey
PREHOOK: type: DESCFUNCTION
POSTHOOK: query: DESCRIBE FUNCTION date2datekey
POSTHOOK: type: DESCFUNCTION
date2datekey(expr) - Cast date to datekey
PREHOOK: query: DESCRIBE FUNCTION EXTENDED date2datekey
PREHOOK: type: DESCFUNCTION
POSTHOOK: query: DESCRIBE FUNCTION EXTENDED date2datekey
POSTHOOK: type: DESCFUNCTION
date2datekey(expr) - Cast date to datekey
Example:
   > SELECT date2datekey('2012-09-09') FROM src LIMIT 1;
  '20120909'
PREHOOK: query: select date2datekey('2012-09-09') from src limit 1
PREHOOK: type: QUERY
PREHOOK: Input: default@src
#### A masked pattern was here ####
POSTHOOK: query: select date2datekey('2012-09-09') from src limit 1
POSTHOOK: type: QUERY
POSTHOOK: Input: default@src
#### A masked pattern was here ####
20120909
