PREHOOK: query: DESCRIBE FUNCTION d2d
PREHOOK: type: DESCFUNCTION
POSTHOOK: query: DESCRIBE FUNCTION d2d
POSTHOOK: type: DESCFUNCTION
d2d(expr) - Cast datekey to date, or otherwise
PREHOOK: query: DESCRIBE FUNCTION EXTENDED d2d
PREHOOK: type: DESCFUNCTION
POSTHOOK: query: DESCRIBE FUNCTION EXTENDED d2d
POSTHOOK: type: DESCFUNCTION
d2d(expr) - Cast datekey to date, or otherwise
Example:
   > SELECT d2d('20120909', '', '-') FROM src LIMIT 1;
  '2012-09-09'
PREHOOK: query: select d2d('20120909', "", "-") from src limit 1
PREHOOK: type: QUERY
PREHOOK: Input: default@src
#### A masked pattern was here ####
POSTHOOK: query: select d2d('20120909', "", "-") from src limit 1
POSTHOOK: type: QUERY
POSTHOOK: Input: default@src
#### A masked pattern was here ####
2012-09-09
