PREHOOK: query: CREATE DATABASE db_to_be_dropped_1
PREHOOK: type: CREATEDATABASE
POSTHOOK: query: CREATE DATABASE db_to_be_dropped_1
POSTHOOK: type: CREATEDATABASE
PREHOOK: query: CREATE DATABASE db_to_be_dropped_2
PREHOOK: type: CREATEDATABASE
POSTHOOK: query: CREATE DATABASE db_to_be_dropped_2
POSTHOOK: type: CREATEDATABASE
PREHOOK: query: CREATE DATABASE db_to_be_dropped_3
PREHOOK: type: CREATEDATABASE
POSTHOOK: query: CREATE DATABASE db_to_be_dropped_3
POSTHOOK: type: CREATEDATABASE
PREHOOK: query: CREATE DATABASE db_to_be_dropped_4
PREHOOK: type: CREATEDATABASE
POSTHOOK: query: CREATE DATABASE db_to_be_dropped_4
POSTHOOK: type: CREATEDATABASE
PREHOOK: query: grant Select on database db_to_be_dropped_2 to user hive_test_user
PREHOOK: type: GRANT_PRIVILEGE
POSTHOOK: query: grant Select on database db_to_be_dropped_2 to user hive_test_user
POSTHOOK: type: GRANT_PRIVILEGE
PREHOOK: query: grant Drop on database db_to_be_dropped_3 to user hive_test_user
PREHOOK: type: GRANT_PRIVILEGE
POSTHOOK: query: grant Drop on database db_to_be_dropped_3 to user hive_test_user
POSTHOOK: type: GRANT_PRIVILEGE
PREHOOK: query: grant All on database db_to_be_dropped_4 to user hive_test_user
PREHOOK: type: GRANT_PRIVILEGE
POSTHOOK: query: grant All on database db_to_be_dropped_4 to user hive_test_user
POSTHOOK: type: GRANT_PRIVILEGE
PREHOOK: query: show grant user hive_test_user on database db_to_be_dropped_1
PREHOOK: type: SHOW_GRANT
POSTHOOK: query: show grant user hive_test_user on database db_to_be_dropped_1
POSTHOOK: type: SHOW_GRANT
PREHOOK: query: show grant user hive_test_user on database db_to_be_dropped_2
PREHOOK: type: SHOW_GRANT
POSTHOOK: query: show grant user hive_test_user on database db_to_be_dropped_2
POSTHOOK: type: SHOW_GRANT

database	db_to_be_dropped_2	
principalName	hive_test_user	
principalType	USER	
privilege	Select	
#### A masked pattern was here ####
grantor	hive_test_user	
PREHOOK: query: show grant user hive_test_user on database db_to_be_dropped_3
PREHOOK: type: SHOW_GRANT
POSTHOOK: query: show grant user hive_test_user on database db_to_be_dropped_3
POSTHOOK: type: SHOW_GRANT

database	db_to_be_dropped_3	
principalName	hive_test_user	
principalType	USER	
privilege	Drop	
#### A masked pattern was here ####
grantor	hive_test_user	
PREHOOK: query: show grant user hive_test_user on database db_to_be_dropped_4
PREHOOK: type: SHOW_GRANT
POSTHOOK: query: show grant user hive_test_user on database db_to_be_dropped_4
POSTHOOK: type: SHOW_GRANT

database	db_to_be_dropped_4	
principalName	hive_test_user	
principalType	USER	
privilege	All	
#### A masked pattern was here ####
grantor	hive_test_user	
PREHOOK: query: SHOW DATABASES
PREHOOK: type: SHOWDATABASES
POSTHOOK: query: SHOW DATABASES
POSTHOOK: type: SHOWDATABASES
db_to_be_dropped_1
db_to_be_dropped_2
db_to_be_dropped_3
db_to_be_dropped_4
default
PREHOOK: query: DROP DATABASE db_to_be_dropped_3
PREHOOK: type: DROPDATABASE
PREHOOK: Output: db_to_be_dropped_3
POSTHOOK: query: DROP DATABASE db_to_be_dropped_3
POSTHOOK: type: DROPDATABASE
POSTHOOK: Output: db_to_be_dropped_3
PREHOOK: query: DROP DATABASE db_to_be_dropped_4
PREHOOK: type: DROPDATABASE
PREHOOK: Output: db_to_be_dropped_4
POSTHOOK: query: DROP DATABASE db_to_be_dropped_4
POSTHOOK: type: DROPDATABASE
POSTHOOK: Output: db_to_be_dropped_4
PREHOOK: query: SHOW DATABASES
PREHOOK: type: SHOWDATABASES
POSTHOOK: query: SHOW DATABASES
POSTHOOK: type: SHOWDATABASES
db_to_be_dropped_1
db_to_be_dropped_2
default
Authorization failed:No privilege 'Drop' found for outputs { database:db_to_be_dropped_1}. Use show grant to get more details.
